14365 mprotect(0x7f24b0000000, 135168, PROT_READ|PROT_WRITE) = 0
14365 epoll_ctl(5, EPOLL_CTL_ADD, 8, {events=0, data={u32=2952792944, u64=139795548343152}}) = 0
14365 epoll_ctl(5, EPOLL_CTL_MOD, 8, {events=EPOLLIN, data={u32=2952792944, u64=139795548343152}}) = 0
14365 getpid()                          = 14364
14365 write(6, "\1\0\0\0\0\0\0\0", 8)   = 8
14366 <... epoll_wait resumed>[{events=EPOLLIN, data={u32=3170793056, u64=140736364181088}}], 256, -1) = 1
14365 getpid( <unfinished ...>
14366 getpid( <unfinished ...>
14365 <... getpid resumed>)             = 14364
14366 <... getpid resumed>)             = 14364
14365 getpid( <unfinished ...>
14366 poll([{fd=6, events=POLLIN}], 1, 0 <unfinished ...>
14365 <... getpid resumed>)             = 14364
14366 <... poll resumed>)               = 1 ([{fd=6, revents=POLLIN}])
14365 poll([{fd=4, events=POLLIN}], 1, 0 <unfinished ...>
14366 getpid( <unfinished ...>
14365 <... poll resumed>)               = 0 (Timeout)
14366 <... getpid resumed>)             = 14364
14365 epoll_wait(5,  <unfinished ...>
14366 read(6,  <unfinished ...>
14365 <... epoll_wait resumed>[{events=EPOLLIN, data={u32=2952792944, u64=139795548343152}}], 256, -1) = 1
14366 <... read resumed>"\1\0\0\0\0\0\0\0", 8) = 8
14365 getpid( <unfinished ...>
14366 epoll_ctl(7, EPOLL_CTL_MOD, 9, {events=EPOLLIN|EPOLLOUT, data={u32=3087012912, u64=139795682563120}} <unfinished ...>
14365 <... getpid resumed>)             = 14364
14366 <... epoll_ctl resumed>)          = 0
14365 poll([{fd=8, events=POLLIN}], 1, 0 <unfinished ...>
14366 epoll_ctl(7, EPOLL_CTL_MOD, 9, {events=EPOLLIN, data={u32=3087012912, u64=139795682563120}} <unfinished ...>
14365 <... poll resumed>)               = 1 ([{fd=8, revents=POLLIN}])
14366 <... epoll_ctl resumed>)          = 0
14365 getpid( <unfinished ...>
14366 getpid( <unfinished ...>
14365 <... getpid resumed>)             = 14364
14366 <... getpid resumed>)             = 14364
14365 read(8,  <unfinished ...>
14366 poll([{fd=6, events=POLLIN}], 1, 0 <unfinished ...>
14365 <... read resumed>"\1\0\0\0\0\0\0\0", 8) = 8
14366 <... poll resumed>)               = 0 (Timeout)
14365 getpid( <unfinished ...>
14366 epoll_wait(7,  <unfinished ...>
14365 <... getpid resumed>)             = 14364
14365 write(6, "\1\0\0\0\0\0\0\0", 8)   = 8
14366 <... epoll_wait resumed>[{events=EPOLLIN, data={u32=3170793056, u64=140736364181088}}], 256, -1) = 1
14365 getpid( <unfinished ...>
14366 getpid( <unfinished ...>
14365 <... getpid resumed>)             = 14364
14366 <... getpid resumed>)             = 14364
14365 poll([{fd=8, events=POLLIN}], 1, 0 <unfinished ...>
14366 poll([{fd=6, events=POLLIN}], 1, 0 <unfinished ...>
14365 <... poll resumed>)               = 0 (Timeout)
14366 <... poll resumed>)               = 1 ([{fd=6, revents=POLLIN}])
14365 epoll_wait(5,  <unfinished ...>
14366 getpid()                          = 14364
14366 read(6, "\1\0\0\0\0\0\0\0", 8)    = 8
14366 getpid()                          = 14364
14366 write(8, "\1\0\0\0\0\0\0\0", 8)   = 8
14365 <... epoll_wait resumed>[{events=EPOLLIN, data={u32=2952792944, u64=139795548343152}}], 256, -1) = 1
14366 epoll_ctl(7, EPOLL_CTL_DEL, 9, 0x7f24b8001434 <unfinished ...>
14365 getpid( <unfinished ...>
14366 <... epoll_ctl resumed>)          = 0
14365 <... getpid resumed>)             = 14364
14366 close(9 <unfinished ...>
14365 poll([{fd=8, events=POLLIN}], 1, 0 <unfinished ...>
14216 <... epoll_wait resumed>[{events=EPOLLIN, data={u32=2281771136, u64=139743337713792}}], 256, -1) = 1
14366 <... close resumed>)              = 0
14216 recvfrom(11,  <unfinished ...>
14365 <... poll resumed>)               = 1 ([{fd=8, revents=POLLIN}])
14216 <... recvfrom resumed>"", 8192, 0, NULL, NULL) = 0
14366 getpid( <unfinished ...>
14216 getpid( <unfinished ...>
14365 getpid( <unfinished ...>
14216 <... getpid resumed>)             = 14214
14366 <... getpid resumed>)             = 14364
14216 write(6, "\1\0\0\0\0\0\0\0", 8 <unfinished ...>
14365 <... getpid resumed>)             = 14364
14216 <... write resumed>)              = 8
14366 poll([{fd=6, events=POLLIN}], 1, 0 <unfinished ...>
14216 epoll_ctl(7, EPOLL_CTL_DEL, 11, 0x7f1888011084 <unfinished ...>
14365 read(8,  <unfinished ...>
14216 <... epoll_ctl resumed>)          = 0
14366 <... poll resumed>)               = 0 (Timeout)
14216 close(11 <unfinished ...>
14365 <... read resumed>"\1\0\0\0\0\0\0\0", 8) = 8
14366 epoll_wait(7,  <unfinished ...>
14216 <... close resumed>)              = 0
14365 getpid( <unfinished ...>
14216 epoll_wait(7,  <unfinished ...>
14365 <... getpid resumed>)             = 14364
14216 <... epoll_wait resumed>[{events=EPOLLIN, data={u32=3776706144, u64=140736970094176}}], 256, -1) = 1
14365 poll([{fd=8, events=POLLIN}], 1, 0 <unfinished ...>
14216 getpid( <unfinished ...>
14365 <... poll resumed>)               = 0 (Timeout)
14216 <... getpid resumed>)             = 14214
14365 epoll_ctl(5, EPOLL_CTL_DEL, 8, 0x7f24b0000b74 <unfinished ...>
14216 poll([{fd=6, events=POLLIN}], 1, 0 <unfinished ...>
14365 <... epoll_ctl resumed>)          = 0
14216 <... poll resumed>)               = 1 ([{fd=6, revents=POLLIN}])
14365 getpid( <unfinished ...>
14216 getpid( <unfinished ...>
14365 <... getpid resumed>)             = 14364
14216 <... getpid resumed>)             = 14214
14365 write(4, "\1\0\0\0\0\0\0\0", 8 <unfinished ...>
14216 read(6,  <unfinished ...>
14365 <... write resumed>)              = 8
14216 <... read resumed>"\1\0\0\0\0\0\0\0", 8) = 8
14365 close(8 <unfinished ...>
14216 getpid( <unfinished ...>
14365 <... close resumed>)              = 0
14216 <... getpid resumed>)             = 14214
14365 epoll_wait(5,  <unfinished ...>
14216 write(8, "\1\0\0\0\0\0\0\0", 8 <unfinished ...>
14365 <... epoll_wait resumed>[{events=EPOLLIN, data={u32=3170772576, u64=140736364160608}}], 256, -1) = 1
14216 <... write resumed>)              = 8
14365 getpid( <unfinished ...>
14216 getpid( <unfinished ...>
14365 <... getpid resumed>)             = 14364
14216 <... getpid resumed>)             = 14214
14365 getpid( <unfinished ...>
14216 poll([{fd=6, events=POLLIN}], 1, 0 <unfinished ...>
14365 <... getpid resumed>)             = 14364
14216 <... poll resumed>)               = 0 (Timeout)
14365 poll([{fd=4, events=POLLIN}], 1, 0 <unfinished ...>
14216 epoll_wait(7,  <unfinished ...>
14365 <... poll resumed>)               = 1 ([{fd=4, revents=POLLIN}])
14365 getpid()                          = 14364
14365 read(4, "\1\0\0\0\0\0\0\0", 8)    = 8
14365 getpid()                          = 14364
14365 getpid()                          = 14364
14365 write(3, "\1\0\0\0\0\0\0\0", 8 <unfinished ...>
14364 <... poll resumed>)               = 1 ([{fd=3, revents=POLLIN}])
14365 <... write resumed>)              = 8
14364 getpid( <unfinished ...>
14365 epoll_ctl(5, EPOLL_CTL_DEL, 4, 0x7fffbcfe2664 <unfinished ...>
14364 <... getpid resumed>)             = 14364
14365 <... epoll_ctl resumed>)          = 0
14364 read(3,  <unfinished ...>
14365 getpid( <unfinished ...>
14364 <... read resumed>"\1\0\0\0\0\0\0\0", 8) = 8
14365 <... getpid resumed>)             = 14364
14364 getpid( <unfinished ...>
14365 getpid( <unfinished ...>
14364 <... getpid resumed>)             = 14364
14365 <... getpid resumed>)             = 14364
14364 write(6, "\1\0\0\0\0\0\0\0", 8 <unfinished ...>
14365 poll([{fd=4, events=POLLIN}], 1, 0 <unfinished ...>
14364 <... write resumed>)              = 8
14366 <... epoll_wait resumed>[{events=EPOLLIN, data={u32=3170793056, u64=140736364181088}}], 256, -1) = 1
14364 futex(0x7f24be2f0910, FUTEX_WAIT_BITSET|FUTEX_CLOCK_REALTIME, 14366, NULL, FUTEX_BITSET_MATCH_ANY <unfinished ...>
14365 <... poll resumed>)               = 0 (Timeout)
14366 getpid( <unfinished ...>
14365 rt_sigprocmask(SIG_BLOCK, ~[RT_1],  <unfinished ...>
14366 <... getpid resumed>)             = 14364
14365 <... rt_sigprocmask resumed>NULL, 8) = 0
14366 poll([{fd=6, events=POLLIN}], 1, 0 <unfinished ...>
14365 madvise(0x7f24be300000, 8368128, MADV_DONTNEED <unfinished ...>
14366 <... poll resumed>)               = 1 ([{fd=6, revents=POLLIN}])
14365 <... madvise resumed>)            = 0
14366 getpid( <unfinished ...>
14365 exit(0 <unfinished ...>
14366 <... getpid resumed>)             = 14364
14365 <... exit resumed>)               = ?
14366 read(6,  <unfinished ...>
14365 +++ exited with 0 +++
14366 <... read resumed>"\1\0\0\0\0\0\0\0", 8) = 8
14366 epoll_ctl(7, EPOLL_CTL_DEL, 6, 0x7fffbcfe7664) = 0
14366 getpid()                          = 14364
14366 poll([{fd=6, events=POLLIN}], 1, 0) = 0 (Timeout)
14366 rt_sigprocmask(SIG_BLOCK, ~[RT_1], NULL, 8) = 0
14366 madvise(0x7f24bdaf0000, 8368128, MADV_DONTNEED) = 0
14366 exit(0)                           = ?
14366 +++ exited with 0 +++
14364 <... futex resumed>)              = 0
14364 close(7)                          = 0
14364 close(6)                          = 0
14364 close(5)                          = 0
14364 close(4)                          = 0
14364 close(3)                          = 0
14364 exit_group(0)                     = ?
14364 +++ exited with 0 +++
14276 <... poll resumed>)               = ? ERESTART_RESTARTBLOCK (Interrupted by signal)
14276 --- SIGCHLD {si_signo=SIGCHLD, si_code=CLD_EXITED, si_pid=14364, si_uid=1000, si_status=0, si_utime=0, si_stime=0} ---
14276 restart_syscall(<... resuming interrupted poll ...> <unfinished ...>
14214 <... clock_nanosleep resumed>0x7fffe824bba0) = 0
14214 write(1, "Enter command: ", 15)   = 15
14214 read(0, "heartbit\n", 1024)       = 9
14214 write(1, "Wrong command\n", 14)   = 14
14214 clock_nanosleep(CLOCK_REALTIME, 0, {tv_sec=0, tv_nsec=500000000}, 0x7fffe824bba0) = 0
14214 write(1, "Enter command: ", 15)   = 15
14214 read(0, "heartbit 1000\n", 1024)  = 14
14214 getpid()                          = 14214
14214 poll([{fd=8, events=POLLIN}], 1, 0) = 1 ([{fd=8, revents=POLLIN}])
14214 getpid()                          = 14214
14214 read(8, "\1\0\0\0\0\0\0\0", 8)    = 8
14214 getpid()                          = 14214
14214 write(6, "\1\0\0\0\0\0\0\0", 8)   = 8
14216 <... epoll_wait resumed>[{events=EPOLLIN, data={u32=3776706144, u64=140736970094176}}], 256, -1) = 1
14214 getpid( <unfinished ...>
14216 getpid( <unfinished ...>
14214 <... getpid resumed>)             = 14214
14216 <... getpid resumed>)             = 14214
14214 poll([{fd=8, events=POLLIN}], 1, 0 <unfinished ...>
14216 poll([{fd=6, events=POLLIN}], 1, 0 <unfinished ...>
14214 <... poll resumed>)               = 0 (Timeout)
14216 <... poll resumed>)               = 1 ([{fd=6, revents=POLLIN}])
14214 clock_nanosleep(CLOCK_REALTIME, 0, {tv_sec=4, tv_nsec=0},  <unfinished ...>
14216 getpid()                          = 14214
14216 read(6, "\1\0\0\0\0\0\0\0", 8)    = 8
14216 getpid()                          = 14214
14216 write(8, "\1\0\0\0\0\0\0\0", 8)   = 8
14216 epoll_ctl(7, EPOLL_CTL_MOD, 10, {events=EPOLLIN|EPOLLOUT, data={u32=2281704400, u64=139743337647056}}) = 0
14216 sendto(10, "\0\rheartbit 1000", 15, 0, NULL, 0) = 15
14278 <... epoll_wait resumed>[{events=EPOLLIN, data={u32=1610617904, u64=140266652570672}}], 256, -1) = 1
14216 getpid( <unfinished ...>
14278 recvfrom(9,  <unfinished ...>
14216 <... getpid resumed>)             = 14214
14278 <... recvfrom resumed>"\0\rheartbit 1000", 8192, 0, NULL, NULL) = 15
14216 poll([{fd=6, events=POLLIN}], 1, 0 <unfinished ...>
14278 getpid( <unfinished ...>
14216 <... poll resumed>)               = 0 (Timeout)
14278 <... getpid resumed>)             = 14276
14216 epoll_wait(7,  <unfinished ...>
14278 write(8, "\1\0\0\0\0\0\0\0", 8 <unfinished ...>
14216 <... epoll_wait resumed>[{events=EPOLLOUT, data={u32=2281704400, u64=139743337647056}}], 256, -1) = 1
14276 <... restart_syscall resumed>)    = 1
14278 <... write resumed>)              = 8
14216 epoll_ctl(7, EPOLL_CTL_MOD, 10, {events=EPOLLIN, data={u32=2281704400, u64=139743337647056}} <unfinished ...>
14276 getpid( <unfinished ...>
14216 <... epoll_ctl resumed>)          = 0
14278 epoll_wait(7,  <unfinished ...>
14216 epoll_wait(7,  <unfinished ...>
14276 <... getpid resumed>)             = 14276
14276 read(8, "\1\0\0\0\0\0\0\0", 8)    = 8
14276 getpid()                          = 14276
14276 poll([{fd=8, events=POLLIN}], 1, 0) = 0 (Timeout)
14276 write(1, "Heartbit: 10\n", 13)    = 13
14276 clock_nanosleep(CLOCK_REALTIME, 0, {tv_sec=1, tv_nsec=0}, 0x7fffc726b8a0) = 0
14276 write(1, "Heartbit: 10\n", 13)    = 13
14276 clock_nanosleep(CLOCK_REALTIME, 0, {tv_sec=1, tv_nsec=0}, 0x7fffc726b8a0) = 0
14276 write(1, "Heartbit: 10\n", 13)    = 13
14276 clock_nanosleep(CLOCK_REALTIME, 0, {tv_sec=1, tv_nsec=0}, 0x7fffc726b8a0) = 0
14276 write(1, "Heartbit: 10\n", 13)    = 13
14276 clock_nanosleep(CLOCK_REALTIME, 0, {tv_sec=1, tv_nsec=0},  <unfinished ...>
14214 <... clock_nanosleep resumed>0x7fffe824bba0) = 0
14214 write(1, "Enter command: ", 15)   = 15
14214 read(0,  <unfinished ...>
14276 <... clock_nanosleep resumed>0x7fffc726b8a0) = 0
14276 getpid()                          = 14276
14276 poll([{fd=8, events=POLLIN}], 1, -1 <unfinished ...>
14214 <... read resumed>"exit\n", 1024) = 5
14214 write(1, "Exit\n", 5)             = 5
14214 getpid()                          = 14214
14214 poll([{fd=8, events=POLLIN}], 1, 0) = 1 ([{fd=8, revents=POLLIN}])
14214 getpid()                          = 14214
14214 read(8, "\1\0\0\0\0\0\0\0", 8)    = 8
14214 getpid()                          = 14214
14214 poll([{fd=8, events=POLLIN}], 1, 0) = 0 (Timeout)
14214 getpid()                          = 14214
14214 write(6, "\1\0\0\0\0\0\0\0", 8)   = 8
14216 <... epoll_wait resumed>[{events=EPOLLIN, data={u32=3776706144, u64=140736970094176}}], 256, -1) = 1
14214 getpid( <unfinished ...>
14216 getpid( <unfinished ...>
14214 <... getpid resumed>)             = 14214
14216 <... getpid resumed>)             = 14214
14214 write(4, "\1\0\0\0\0\0\0\0", 8 <unfinished ...>
14216 poll([{fd=6, events=POLLIN}], 1, 0 <unfinished ...>
14214 <... write resumed>)              = 8
14215 <... epoll_wait resumed>[{events=EPOLLIN, data={u32=3776685664, u64=140736970073696}}], 256, -1) = 1
14214 getpid( <unfinished ...>
14216 <... poll resumed>)               = 1 ([{fd=6, revents=POLLIN}])
14214 <... getpid resumed>)             = 14214
14215 getpid( <unfinished ...>
14214 getpid( <unfinished ...>
14216 getpid( <unfinished ...>
14214 <... getpid resumed>)             = 14214
14215 <... getpid resumed>)             = 14214
14214 write(8, "\1\0\0\0\0\0\0\0", 8 <unfinished ...>
14216 <... getpid resumed>)             = 14214
14214 <... write resumed>)              = 8
14215 getpid( <unfinished ...>
14214 getpid( <unfinished ...>
14216 read(6,  <unfinished ...>
14214 <... getpid resumed>)             = 14214
14215 <... getpid resumed>)             = 14214
14214 poll([{fd=3, events=POLLIN}], 1, -1 <unfinished ...>
14216 <... read resumed>"\1\0\0\0\0\0\0\0", 8) = 8
14215 poll([{fd=4, events=POLLIN}], 1, 0 <unfinished ...>
14216 epoll_ctl(7, EPOLL_CTL_MOD, 10, {events=EPOLLIN|EPOLLOUT, data={u32=2281704400, u64=139743337647056}} <unfinished ...>
14215 <... poll resumed>)               = 1 ([{fd=4, revents=POLLIN}])
14216 <... epoll_ctl resumed>)          = 0
14215 getpid( <unfinished ...>
14216 sendto(10, "\0\4exit", 6, 0, NULL, 0 <unfinished ...>
14215 <... getpid resumed>)             = 14214
14215 read(4,  <unfinished ...>
14216 <... sendto resumed>)             = 6
14215 <... read resumed>"\1\0\0\0\0\0\0\0", 8) = 8
14278 <... epoll_wait resumed>[{events=EPOLLIN, data={u32=1610617904, u64=140266652570672}}], 256, -1) = 1
14215 mmap(NULL, 134217728, PROT_NONE, MAP_PRIVATE|MAP_ANONYMOUS|MAP_NORESERVE, -1, 0 <unfinished ...>
14216 getpid( <unfinished ...>
14215 <... mmap resumed>)               = 0x7f1880000000
14278 recvfrom(9,  <unfinished ...>
14215 munmap(0x7f1884000000, 67108864 <unfinished ...>
14216 <... getpid resumed>)             = 14214
14215 <... munmap resumed>)             = 0
14278 <... recvfrom resumed>"\0\4exit", 8192, 0, NULL, NULL) = 6
14215 mprotect(0x7f1880000000, 135168, PROT_READ|PROT_WRITE <unfinished ...>
14216 poll([{fd=6, events=POLLIN}], 1, 0 <unfinished ...>
14215 <... mprotect resumed>)           = 0
14278 getpid( <unfinished ...>
14215 epoll_ctl(5, EPOLL_CTL_ADD, 8, {events=0, data={u32=2147486576, u64=139743203429232}} <unfinished ...>
14216 <... poll resumed>)               = 0 (Timeout)
14215 <... epoll_ctl resumed>)          = 0
14278 <... getpid resumed>)             = 14276
14215 epoll_ctl(5, EPOLL_CTL_MOD, 8, {events=EPOLLIN, data={u32=2147486576, u64=139743203429232}} <unfinished ...>
14216 epoll_wait(7,  <unfinished ...>
14215 <... epoll_ctl resumed>)          = 0
14278 write(8, "\1\0\0\0\0\0\0\0", 8 <unfinished ...>
14215 getpid( <unfinished ...>
14216 <... epoll_wait resumed>[{events=EPOLLOUT, data={u32=2281704400, u64=139743337647056}}], 256, -1) = 1
14215 <... getpid resumed>)             = 14214
14276 <... poll resumed>)               = 1 ([{fd=8, revents=POLLIN}])
14278 <... write resumed>)              = 8
14215 write(6, "\1\0\0\0\0\0\0\0", 8 <unfinished ...>
14216 epoll_ctl(7, EPOLL_CTL_MOD, 10, {events=EPOLLIN, data={u32=2281704400, u64=139743337647056}} <unfinished ...>
14276 getpid( <unfinished ...>
14215 <... write resumed>)              = 8
14216 <... epoll_ctl resumed>)          = 0
14278 epoll_wait(7,  <unfinished ...>
14215 getpid( <unfinished ...>
14216 epoll_wait(7,  <unfinished ...>
14276 <... getpid resumed>)             = 14276
14215 <... getpid resumed>)             = 14214
14216 <... epoll_wait resumed>[{events=EPOLLIN, data={u32=3776706144, u64=140736970094176}}], 256, -1) = 1
14215 getpid( <unfinished ...>
14276 read(8,  <unfinished ...>
14215 <... getpid resumed>)             = 14214
14216 getpid( <unfinished ...>
14215 poll([{fd=4, events=POLLIN}], 1, 0 <unfinished ...>
14276 <... read resumed>"\1\0\0\0\0\0\0\0", 8) = 8
14215 <... poll resumed>)               = 0 (Timeout)
14216 <... getpid resumed>)             = 14214
14215 epoll_wait(5,  <unfinished ...>
14276 getpid( <unfinished ...>
14215 <... epoll_wait resumed>[{events=EPOLLIN, data={u32=2147486576, u64=139743203429232}}], 256, -1) = 1
14216 poll([{fd=6, events=POLLIN}], 1, 0 <unfinished ...>
14215 getpid( <unfinished ...>
14276 <... getpid resumed>)             = 14276
14215 <... getpid resumed>)             = 14214
14216 <... poll resumed>)               = 1 ([{fd=6, revents=POLLIN}])
14215 poll([{fd=8, events=POLLIN}], 1, 0 <unfinished ...>
14276 poll([{fd=8, events=POLLIN}], 1, 0 <unfinished ...>
14215 <... poll resumed>)               = 1 ([{fd=8, revents=POLLIN}])
14216 getpid( <unfinished ...>
14215 getpid( <unfinished ...>
14276 <... poll resumed>)               = 0 (Timeout)
14215 <... getpid resumed>)             = 14214
14216 <... getpid resumed>)             = 14214
14215 read(8,  <unfinished ...>
14276 getpid( <unfinished ...>
14215 <... read resumed>"\1\0\0\0\0\0\0\0", 8) = 8
14216 read(6,  <unfinished ...>
14215 getpid( <unfinished ...>
14276 <... getpid resumed>)             = 14276
14215 <... getpid resumed>)             = 14214
14216 <... read resumed>"\1\0\0\0\0\0\0\0", 8) = 8
14215 poll([{fd=8, events=POLLIN}], 1, 0 <unfinished ...>
14276 write(4, "\1\0\0\0\0\0\0\0", 8 <unfinished ...>
14215 <... poll resumed>)               = 0 (Timeout)
14216 epoll_ctl(7, EPOLL_CTL_MOD, 10, {events=EPOLLIN|EPOLLOUT, data={u32=2281704400, u64=139743337647056}} <unfinished ...>
14215 epoll_wait(5,  <unfinished ...>
14276 <... write resumed>)              = 8
14277 <... epoll_wait resumed>[{events=EPOLLIN, data={u32=3198690912, u64=140736392078944}}], 256, -1) = 1
14216 <... epoll_ctl resumed>)          = 0
14276 getpid( <unfinished ...>
14216 getpid( <unfinished ...>
14277 getpid( <unfinished ...>
14216 <... getpid resumed>)             = 14214
14276 <... getpid resumed>)             = 14276
14216 write(8, "\1\0\0\0\0\0\0\0", 8 <unfinished ...>
14277 <... getpid resumed>)             = 14276
14215 <... epoll_wait resumed>[{events=EPOLLIN, data={u32=2147486576, u64=139743203429232}}], 256, -1) = 1
14216 <... write resumed>)              = 8
14276 getpid( <unfinished ...>
14215 getpid( <unfinished ...>
14216 epoll_ctl(7, EPOLL_CTL_MOD, 10, {events=EPOLLIN, data={u32=2281704400, u64=139743337647056}} <unfinished ...>
14277 getpid( <unfinished ...>
14215 <... getpid resumed>)             = 14214
14216 <... epoll_ctl resumed>)          = 0
14276 <... getpid resumed>)             = 14276
14215 poll([{fd=8, events=POLLIN}], 1, 0 <unfinished ...>
14216 epoll_ctl(7, EPOLL_CTL_DEL, 9, 0x7f1888000b74 <unfinished ...>
14277 <... getpid resumed>)             = 14276
14215 <... poll resumed>)               = 1 ([{fd=8, revents=POLLIN}])
14216 <... epoll_ctl resumed>)          = 0
14276 write(8, "\1\0\0\0\0\0\0\0", 8 <unfinished ...>
14215 getpid( <unfinished ...>
14216 close(9 <unfinished ...>
14277 poll([{fd=4, events=POLLIN}], 1, 0 <unfinished ...>
14215 <... getpid resumed>)             = 14214
14216 <... close resumed>)              = 0
14276 <... write resumed>)              = 8
14215 read(8,  <unfinished ...>
14216 getpid( <unfinished ...>
14277 <... poll resumed>)               = 1 ([{fd=4, revents=POLLIN}])
14215 <... read resumed>"\1\0\0\0\0\0\0\0", 8) = 8
14216 <... getpid resumed>)             = 14214
14276 getpid( <unfinished ...>
14215 getpid( <unfinished ...>
14216 poll([{fd=6, events=POLLIN}], 1, 0 <unfinished ...>
14277 getpid( <unfinished ...>
14215 <... getpid resumed>)             = 14214
14216 <... poll resumed>)               = 0 (Timeout)
14276 <... getpid resumed>)             = 14276
14215 write(6, "\1\0\0\0\0\0\0\0", 8 <unfinished ...>
14216 epoll_wait(7,  <unfinished ...>
14277 <... getpid resumed>)             = 14276
14215 <... write resumed>)              = 8
14216 <... epoll_wait resumed>[{events=EPOLLIN, data={u32=3776706144, u64=140736970094176}}], 256, -1) = 1
14276 poll([{fd=3, events=POLLIN}], 1, -1 <unfinished ...>
14215 getpid( <unfinished ...>
14216 getpid( <unfinished ...>
14277 read(4,  <unfinished ...>
14215 <... getpid resumed>)             = 14214
14216 <... getpid resumed>)             = 14214
14215 poll([{fd=8, events=POLLIN}], 1, 0 <unfinished ...>
14277 <... read resumed>"\1\0\0\0\0\0\0\0", 8) = 8
14215 <... poll resumed>)               = 0 (Timeout)
14216 poll([{fd=6, events=POLLIN}], 1, 0 <unfinished ...>
14215 epoll_wait(5,  <unfinished ...>
14277 mmap(NULL, 134217728, PROT_NONE, MAP_PRIVATE|MAP_ANONYMOUS|MAP_NORESERVE, -1, 0 <unfinished ...>
14216 <... poll resumed>)               = 1 ([{fd=6, revents=POLLIN}])
14277 <... mmap resumed>)               = 0x7f9258000000
14216 getpid( <unfinished ...>
14277 munmap(0x7f925c000000, 67108864 <unfinished ...>
14216 <... getpid resumed>)             = 14214
14277 <... munmap resumed>)             = 0
14216 read(6,  <unfinished ...>
14277 mprotect(0x7f9258000000, 135168, PROT_READ|PROT_WRITE <unfinished ...>
14216 <... read resumed>"\1\0\0\0\0\0\0\0", 8) = 8
14277 <... mprotect resumed>)           = 0
14216 epoll_ctl(7, EPOLL_CTL_DEL, 10, 0x7f1888000bd4 <unfinished ...>
14277 epoll_ctl(5, EPOLL_CTL_ADD, 8, {events=0, data={u32=1476397936, u64=140266518350704}} <unfinished ...>
14216 <... epoll_ctl resumed>)          = 0
14277 <... epoll_ctl resumed>)          = 0
14216 close(10 <unfinished ...>
14277 epoll_ctl(5, EPOLL_CTL_MOD, 8, {events=EPOLLIN, data={u32=1476397936, u64=140266518350704}}) = 0
14216 <... close resumed>)              = 0
14278 <... epoll_wait resumed>[{events=EPOLLIN, data={u32=1610617904, u64=140266652570672}}], 256, -1) = 1
14216 getpid( <unfinished ...>
14277 getpid( <unfinished ...>
14216 <... getpid resumed>)             = 14214
14278 recvfrom(9,  <unfinished ...>
14216 write(8, "\1\0\0\0\0\0\0\0", 8 <unfinished ...>
14277 <... getpid resumed>)             = 14276
14215 <... epoll_wait resumed>[{events=EPOLLIN, data={u32=2147486576, u64=139743203429232}}], 256, -1) = 1
14216 <... write resumed>)              = 8
14278 <... recvfrom resumed>"", 8192, 0, NULL, NULL) = 0
14215 getpid( <unfinished ...>
14216 getpid( <unfinished ...>
14277 write(6, "\1\0\0\0\0\0\0\0", 8 <unfinished ...>
14215 <... getpid resumed>)             = 14214
14216 <... getpid resumed>)             = 14214
14278 epoll_ctl(7, EPOLL_CTL_DEL, 9, 0x7f9260001434 <unfinished ...>
14215 poll([{fd=8, events=POLLIN}], 1, 0 <unfinished ...>
14216 poll([{fd=6, events=POLLIN}], 1, 0 <unfinished ...>
14277 <... write resumed>)              = 8
14215 <... poll resumed>)               = 1 ([{fd=8, revents=POLLIN}])
14216 <... poll resumed>)               = 0 (Timeout)
14278 <... epoll_ctl resumed>)          = 0
14215 getpid( <unfinished ...>
14216 epoll_wait(7,  <unfinished ...>
14277 getpid( <unfinished ...>
14215 <... getpid resumed>)             = 14214
14278 close(9 <unfinished ...>
14215 read(8,  <unfinished ...>
14277 <... getpid resumed>)             = 14276
14215 <... read resumed>"\1\0\0\0\0\0\0\0", 8) = 8
14278 <... close resumed>)              = 0
14215 getpid( <unfinished ...>
14277 getpid( <unfinished ...>
14215 <... getpid resumed>)             = 14214
14278 epoll_wait(7,  <unfinished ...>
14215 poll([{fd=8, events=POLLIN}], 1, 0 <unfinished ...>
14277 <... getpid resumed>)             = 14276
14215 <... poll resumed>)               = 0 (Timeout)
14278 <... epoll_wait resumed>[{events=EPOLLIN, data={u32=3198711392, u64=140736392099424}}], 256, -1) = 1
14215 epoll_ctl(5, EPOLL_CTL_DEL, 8, 0x7f1880000b74 <unfinished ...>
14277 poll([{fd=4, events=POLLIN}], 1, 0 <unfinished ...>
14215 <... epoll_ctl resumed>)          = 0
14278 getpid( <unfinished ...>
14215 getpid( <unfinished ...>
14277 <... poll resumed>)               = 0 (Timeout)
14215 <... getpid resumed>)             = 14214
14278 <... getpid resumed>)             = 14276
14215 write(4, "\1\0\0\0\0\0\0\0", 8 <unfinished ...>
14277 epoll_wait(5,  <unfinished ...>
14215 <... write resumed>)              = 8
14278 poll([{fd=6, events=POLLIN}], 1, 0 <unfinished ...>
14215 close(8 <unfinished ...>
14277 <... epoll_wait resumed>[{events=EPOLLIN, data={u32=1476397936, u64=140266518350704}}], 256, -1) = 1
14215 <... close resumed>)              = 0
14278 <... poll resumed>)               = 1 ([{fd=6, revents=POLLIN}])
14215 epoll_wait(5,  <unfinished ...>
14277 getpid( <unfinished ...>
14215 <... epoll_wait resumed>[{events=EPOLLIN, data={u32=3776685664, u64=140736970073696}}], 256, -1) = 1
14278 getpid( <unfinished ...>
14215 getpid( <unfinished ...>
14277 <... getpid resumed>)             = 14276
14215 <... getpid resumed>)             = 14214
14278 <... getpid resumed>)             = 14276
14215 getpid( <unfinished ...>
14277 poll([{fd=8, events=POLLIN}], 1, 0 <unfinished ...>
14215 <... getpid resumed>)             = 14214
14278 read(6,  <unfinished ...>
14215 poll([{fd=4, events=POLLIN}], 1, 0 <unfinished ...>
14277 <... poll resumed>)               = 1 ([{fd=8, revents=POLLIN}])
14215 <... poll resumed>)               = 1 ([{fd=4, revents=POLLIN}])
14278 <... read resumed>"\1\0\0\0\0\0\0\0", 8) = 8
14215 getpid( <unfinished ...>
14277 getpid( <unfinished ...>
14215 <... getpid resumed>)             = 14214
14278 clock_gettime(CLOCK_MONOTONIC,  <unfinished ...>
14215 read(4,  <unfinished ...>
14277 <... getpid resumed>)             = 14276
14215 <... read resumed>"\1\0\0\0\0\0\0\0", 8) = 8
14278 <... clock_gettime resumed>{tv_sec=6645, tv_nsec=256591500}) = 0
14215 getpid( <unfinished ...>
14277 read(8,  <unfinished ...>
14215 <... getpid resumed>)             = 14214
14278 getpid( <unfinished ...>
14215 getpid( <unfinished ...>
14277 <... read resumed>"\1\0\0\0\0\0\0\0", 8) = 8
14215 <... getpid resumed>)             = 14214
14278 <... getpid resumed>)             = 14276
14215 write(3, "\1\0\0\0\0\0\0\0", 8 <unfinished ...>
14277 getpid( <unfinished ...>
14214 <... poll resumed>)               = 1 ([{fd=3, revents=POLLIN}])
14215 <... write resumed>)              = 8
14278 poll([{fd=6, events=POLLIN}], 1, 0 <unfinished ...>
14214 getpid( <unfinished ...>
14215 epoll_ctl(5, EPOLL_CTL_DEL, 4, 0x7fffe11ba664 <unfinished ...>
14277 <... getpid resumed>)             = 14276
14214 <... getpid resumed>)             = 14214
14215 <... epoll_ctl resumed>)          = 0
14278 <... poll resumed>)               = 0 (Timeout)
14214 read(3,  <unfinished ...>
14215 getpid( <unfinished ...>
14277 write(6, "\1\0\0\0\0\0\0\0", 8 <unfinished ...>
14214 <... read resumed>"\1\0\0\0\0\0\0\0", 8) = 8
14215 <... getpid resumed>)             = 14214
14278 clock_gettime(CLOCK_MONOTONIC,  <unfinished ...>
14214 getpid( <unfinished ...>
14215 getpid( <unfinished ...>
14277 <... write resumed>)              = 8
14214 <... getpid resumed>)             = 14214
14215 <... getpid resumed>)             = 14214
14278 <... clock_gettime resumed>{tv_sec=6645, tv_nsec=257260700}) = 0
14214 write(6, "\1\0\0\0\0\0\0\0", 8 <unfinished ...>
14215 poll([{fd=4, events=POLLIN}], 1, 0 <unfinished ...>
14277 getpid( <unfinished ...>
14214 <... write resumed>)              = 8
14215 <... poll resumed>)               = 0 (Timeout)
14216 <... epoll_wait resumed>[{events=EPOLLIN, data={u32=3776706144, u64=140736970094176}}], 256, -1) = 1
14278 epoll_wait(7,  <unfinished ...>
14214 futex(0x7f188df40910, FUTEX_WAIT_BITSET|FUTEX_CLOCK_REALTIME, 14216, NULL, FUTEX_BITSET_MATCH_ANY <unfinished ...>
14215 rt_sigprocmask(SIG_BLOCK, ~[RT_1],  <unfinished ...>
14216 getpid( <unfinished ...>
14277 <... getpid resumed>)             = 14276
14215 <... rt_sigprocmask resumed>NULL, 8) = 0
14216 <... getpid resumed>)             = 14214
14278 <... epoll_wait resumed>[{events=EPOLLIN, data={u32=3198711392, u64=140736392099424}}], 256, 182) = 1
14215 madvise(0x7f188df50000, 8368128, MADV_DONTNEED <unfinished ...>
14216 poll([{fd=6, events=POLLIN}], 1, 0 <unfinished ...>
14277 poll([{fd=8, events=POLLIN}], 1, 0 <unfinished ...>
14215 <... madvise resumed>)            = 0
14216 <... poll resumed>)               = 1 ([{fd=6, revents=POLLIN}])
14278 getpid( <unfinished ...>
14215 exit(0 <unfinished ...>
14216 getpid( <unfinished ...>
14277 <... poll resumed>)               = 0 (Timeout)
14215 <... exit resumed>)               = ?
14216 <... getpid resumed>)             = 14214
14278 <... getpid resumed>)             = 14276
14215 +++ exited with 0 +++
14216 read(6,  <unfinished ...>
14277 epoll_wait(5,  <unfinished ...>
14278 poll([{fd=6, events=POLLIN}], 1, 0 <unfinished ...>
14216 <... read resumed>"\1\0\0\0\0\0\0\0", 8) = 8
14278 <... poll resumed>)               = 1 ([{fd=6, revents=POLLIN}])
14216 epoll_ctl(7, EPOLL_CTL_DEL, 6, 0x7fffe11bf664 <unfinished ...>
14278 getpid( <unfinished ...>
14216 <... epoll_ctl resumed>)          = 0
14278 <... getpid resumed>)             = 14276
14216 getpid( <unfinished ...>
14278 read(6,  <unfinished ...>
14216 <... getpid resumed>)             = 14214
14278 <... read resumed>"\1\0\0\0\0\0\0\0", 8) = 8
14216 poll([{fd=6, events=POLLIN}], 1, 0 <unfinished ...>
14278 getpid( <unfinished ...>
14216 <... poll resumed>)               = 0 (Timeout)
14278 <... getpid resumed>)             = 14276
14216 rt_sigprocmask(SIG_BLOCK, ~[RT_1],  <unfinished ...>
14278 write(8, "\1\0\0\0\0\0\0\0", 8 <unfinished ...>
14216 <... rt_sigprocmask resumed>NULL, 8) = 0
14277 <... epoll_wait resumed>[{events=EPOLLIN, data={u32=1476397936, u64=140266518350704}}], 256, -1) = 1
14278 <... write resumed>)              = 8
14216 madvise(0x7f188d740000, 8368128, MADV_DONTNEED <unfinished ...>
14277 getpid( <unfinished ...>
14216 <... madvise resumed>)            = 0
14278 getpid( <unfinished ...>
14216 exit(0 <unfinished ...>
14277 <... getpid resumed>)             = 14276
14216 <... exit resumed>)               = ?
14278 <... getpid resumed>)             = 14276
14216 +++ exited with 0 +++
14277 poll([{fd=8, events=POLLIN}], 1, 0 <unfinished ...>
14214 <... futex resumed>)              = 0
14278 poll([{fd=6, events=POLLIN}], 1, 0 <unfinished ...>
14214 close(7 <unfinished ...>
14277 <... poll resumed>)               = 1 ([{fd=8, revents=POLLIN}])
14214 <... close resumed>)              = 0
14278 <... poll resumed>)               = 0 (Timeout)
14214 close(6 <unfinished ...>
14277 getpid( <unfinished ...>
14214 <... close resumed>)              = 0
14278 epoll_wait(7,  <unfinished ...>
14214 close(5 <unfinished ...>
14277 <... getpid resumed>)             = 14276
14214 <... close resumed>)              = 0
14277 read(8,  <unfinished ...>
14214 close(4 <unfinished ...>
14277 <... read resumed>"\1\0\0\0\0\0\0\0", 8) = 8
14214 <... close resumed>)              = 0
14277 getpid( <unfinished ...>
14214 close(3 <unfinished ...>
14277 <... getpid resumed>)             = 14276
14214 <... close resumed>)              = 0
14277 poll([{fd=8, events=POLLIN}], 1, 0) = 0 (Timeout)
14277 epoll_ctl(5, EPOLL_CTL_DEL, 8, 0x7f9258000b74 <unfinished ...>
14214 exit_group(0 <unfinished ...>
14277 <... epoll_ctl resumed>)          = 0
14214 <... exit_group resumed>)         = ?
14277 getpid()                          = 14276
14277 write(4, "\1\0\0\0\0\0\0\0", 8)   = 8
14214 +++ exited with 0 +++
14277 close(8)                          = 0
14277 epoll_wait(5, [{events=EPOLLIN, data={u32=3198690912, u64=140736392078944}}], 256, -1) = 1
14277 getpid()                          = 14276
14277 getpid()                          = 14276
14277 poll([{fd=4, events=POLLIN}], 1, 0) = 1 ([{fd=4, revents=POLLIN}])
14277 getpid()                          = 14276
14277 read(4, "\1\0\0\0\0\0\0\0", 8)    = 8
14277 getpid()                          = 14276
14277 getpid()                          = 14276
14277 write(3, "\1\0\0\0\0\0\0\0", 8)   = 8
14276 <... poll resumed>)               = 1 ([{fd=3, revents=POLLIN}])
14277 epoll_ctl(5, EPOLL_CTL_DEL, 4, 0x7fffbea82664 <unfinished ...>
14276 getpid( <unfinished ...>
14277 <... epoll_ctl resumed>)          = 0
14276 <... getpid resumed>)             = 14276
14277 getpid( <unfinished ...>
14276 read(3,  <unfinished ...>
14277 <... getpid resumed>)             = 14276
14276 <... read resumed>"\1\0\0\0\0\0\0\0", 8) = 8
14277 getpid( <unfinished ...>
14276 getpid( <unfinished ...>
14277 <... getpid resumed>)             = 14276
14276 <... getpid resumed>)             = 14276
14277 poll([{fd=4, events=POLLIN}], 1, 0 <unfinished ...>
14276 write(6, "\1\0\0\0\0\0\0\0", 8 <unfinished ...>
14277 <... poll resumed>)               = 0 (Timeout)
14276 <... write resumed>)              = 8
14277 rt_sigprocmask(SIG_BLOCK, ~[RT_1],  <unfinished ...>
14276 futex(0x7f9267b70910, FUTEX_WAIT_BITSET|FUTEX_CLOCK_REALTIME, 14278, NULL, FUTEX_BITSET_MATCH_ANY <unfinished ...>
14278 <... epoll_wait resumed>[{events=EPOLLIN, data={u32=3198711392, u64=140736392099424}}], 256, -1) = 1
14277 <... rt_sigprocmask resumed>NULL, 8) = 0
14278 getpid( <unfinished ...>
14277 madvise(0x7f9267b80000, 8368128, MADV_DONTNEED <unfinished ...>
14278 <... getpid resumed>)             = 14276
14277 <... madvise resumed>)            = 0
14278 poll([{fd=6, events=POLLIN}], 1, 0 <unfinished ...>
14277 exit(0 <unfinished ...>
14278 <... poll resumed>)               = 1 ([{fd=6, revents=POLLIN}])
14277 <... exit resumed>)               = ?
14278 getpid( <unfinished ...>
14277 +++ exited with 0 +++
14278 <... getpid resumed>)             = 14276
14278 read(6, "\1\0\0\0\0\0\0\0", 8)    = 8
14278 epoll_ctl(7, EPOLL_CTL_DEL, 6, 0x7fffbea87664) = 0
14278 getpid()                          = 14276
14278 poll([{fd=6, events=POLLIN}], 1, 0) = 0 (Timeout)
14278 rt_sigprocmask(SIG_BLOCK, ~[RT_1], NULL, 8) = 0
14278 madvise(0x7f9267370000, 8368128, MADV_DONTNEED) = 0
14278 exit(0)                           = ?
14278 +++ exited with 0 +++
14276 <... futex resumed>)              = 0
14276 close(7)                          = 0
14276 close(6)                          = 0
14276 close(5)                          = 0
14276 close(4)                          = 0
14276 close(3)                          = 0
14276 exit_group(0)                     = ?
14276 +++ exited with 0 +++
